I'm sorry, but errors were detected in your script. Please correct the
errors listed below, and try again.


File "game/script.rpy", line 80: expected simple expression
    stop music fadeout
                      ^

Ren'Py Version: Ren'Py 8.2.1.24030407
Wed Apr 24 13:14:28 2024
